CREATE EXTENSION pg_simdjson;
-- Strings.
SELECT simdjson_parse('""');				-- OK.
 simdjson_parse 
----------------
 ""
(1 row)

SELECT simdjson_parse($$''$$);			-- ERROR, single quotes are not allowed
ERROR:  Parsed status: not valid, Something went wrong while writing to the tape
SELECT simdjson_parse('"abc"');			-- OK
 simdjson_parse 
----------------
 "abc"
(1 row)

SELECT simdjson_parse('"abc');			-- ERROR, quotes not closed
ERROR:  Parsed status: not valid, Missing quote at the end
SELECT simdjson_parse('"abc
def"');				-- ERROR, unescaped newline in string constant
ERROR:  Parsed status: not valid, Within strings, some characters must be escapted, we found unescapted characters
SELECT simdjson_parse('"\n\"\\"');		-- OK, legal escapes
 simdjson_parse 
----------------
 "\n\"\\"
(1 row)

SELECT simdjson_parse('"\v"');			-- ERROR, not a valid JSON escape
ERROR:  Parsed status: not valid, Problem while parsing a string
-- see json_encoding test for input with unicode escapes
-- Numbers.
SELECT simdjson_parse('1');				-- OK
 simdjson_parse 
----------------
 1
(1 row)

SELECT simdjson_parse('0');				-- OK
 simdjson_parse 
----------------
 0
(1 row)

SELECT simdjson_parse('01');				-- ERROR, not valid according to JSON spec
ERROR:  Parsed status: not valid, Problem while parsing a number
SELECT simdjson_parse('0.1');				-- OK
 simdjson_parse 
----------------
 0.1
(1 row)

SELECT simdjson_parse('9223372036854775808');	-- OK, even though it's too large for int8
   simdjson_parse    
---------------------
 9223372036854775808
(1 row)

SELECT simdjson_parse('1e100');			-- OK
                                            simdjson_parse                                             
-------------------------------------------------------------------------------------------------------
 10000000000000000000000000000000000000000000000000000000000000000000000000000000000000000000000000000
(1 row)

SELECT simdjson_parse('1.3e100');			-- OK
                                            simdjson_parse                                             
-------------------------------------------------------------------------------------------------------
 13000000000000000000000000000000000000000000000000000000000000000000000000000000000000000000000000000
(1 row)

SELECT simdjson_parse('1f2');				-- ERROR
ERROR:  Parsed status: not valid, Problem while parsing a number
SELECT simdjson_parse('0.x1');			-- ERROR
ERROR:  Parsed status: not valid, Problem while parsing a number
SELECT simdjson_parse('1.3ex100');		-- ERROR
ERROR:  Parsed status: not valid, Problem while parsing a number
-- Arrays.
SELECT simdjson_parse('[]');				-- OK
 simdjson_parse 
----------------
 []
(1 row)

SELECT simdjson_parse('[[[[[[[[[[[[[[[[[[[[[[[[[[[[[[[[[[[[[[[[[[[[[[[[[[[[[[[[[[[[[[[[[[[[[[[[[[[[[[[[[[[[[[[[[[[[[[[[[[[[]]]]]]]]]]]]]]]]]]]]]]]]]]]]]]]]]]]]]]]]]]]]]]]]]]]]]]]]]]]]]]]]]]]]]]]]]]]]]]]]]]]]]]]]]]]]]]]]]]]]');  -- OK
                                                                                              simdjson_parse                                                                                              
----------------------------------------------------------------------------------------------------------------------------------------------------------------------------------------------------------
 [[[[[[[[[[[[[[[[[[[[[[[[[[[[[[[[[[[[[[[[[[[[[[[[[[[[[[[[[[[[[[[[[[[[[[[[[[[[[[[[[[[[[[[[[[[[[[[[[[[[]]]]]]]]]]]]]]]]]]]]]]]]]]]]]]]]]]]]]]]]]]]]]]]]]]]]]]]]]]]]]]]]]]]]]]]]]]]]]]]]]]]]]]]]]]]]]]]]]]]]
(1 row)

SELECT simdjson_parse('[1,2]');			-- OK
 simdjson_parse 
----------------
 [1, 2]
(1 row)

SELECT simdjson_parse('[1,2,]');			-- ERROR, trailing comma
ERROR:  Parsed status: not valid, Something went wrong while writing to the tape
SELECT simdjson_parse('[1,2');			-- ERROR, no closing bracket
ERROR:  Parsed status: not valid, Problem while parsing a number
SELECT simdjson_parse('[1,[2]');			-- ERROR, no closing bracket
ERROR:  Parsed status: not valid, Something went wrong while writing to the tape
-- Objects.
SELECT simdjson_parse('{}');				-- OK
 simdjson_parse 
----------------
 {}
(1 row)

SELECT simdjson_parse('{"abc"}');			-- ERROR, no value
ERROR:  Parsed status: not valid, Something went wrong while writing to the tape
SELECT simdjson_parse('{"abc":1}');		-- OK
 simdjson_parse 
----------------
 {"abc": 1}
(1 row)

SELECT simdjson_parse('{1:"abc"}');		-- ERROR, keys must be strings
ERROR:  Parsed status: not valid, Problem while parsing a number
SELECT simdjson_parse('{"abc",1}');		-- ERROR, wrong separator
ERROR:  Parsed status: not valid, Something went wrong while writing to the tape
SELECT simdjson_parse('{"abc"=1}');		-- ERROR, totally wrong separator
ERROR:  Parsed status: not valid, Something went wrong while writing to the tape
SELECT simdjson_parse('{"abc"::1}');		-- ERROR, another wrong separator
ERROR:  Parsed status: not valid, Something went wrong while writing to the tape
SELECT simdjson_parse('{"abc":1,"def":2,"ghi":[3,4],"hij":{"klm":5,"nop":[6]}}'); -- OK
                           simdjson_parse                           
--------------------------------------------------------------------
 {"abc": 1, "def": 2, "ghi": [3, 4], "hij": {"klm": 5, "nop": [6]}}
(1 row)

SELECT simdjson_parse('{"abc":1:2}');		-- ERROR, colon in wrong spot
ERROR:  Parsed status: not valid, Something went wrong while writing to the tape
SELECT simdjson_parse('{"abc":1,3}');		-- ERROR, no value
ERROR:  Parsed status: not valid, Problem while parsing a number
-- Recursion.
SET max_stack_depth = '100kB';
SELECT simdjson_parse(repeat('[', 10000));
ERROR:  Parsed status: not valid, Document exceeds the user-specified depth limitation
SELECT simdjson_parse(repeat('{"a":', 10000));
ERROR:  Parsed status: not valid, Document exceeds the user-specified depth limitation
RESET max_stack_depth;
-- Miscellaneous stuff.
SELECT simdjson_parse('true');			-- OK
 simdjson_parse 
----------------
 true
(1 row)

SELECT simdjson_parse('false');			-- OK
 simdjson_parse 
----------------
 false
(1 row)

SELECT simdjson_parse('null');			-- OK
 simdjson_parse 
----------------
 null
(1 row)

SELECT simdjson_parse(' true ');			-- OK, even with extra whitespace
 simdjson_parse 
----------------
 true
(1 row)

SELECT simdjson_parse('true false');		-- ERROR, too many values
ERROR:  Parsed status: not valid, Problem while parsing an atom starting with the letter 't'
SELECT simdjson_parse('true, false');		-- ERROR, too many values
ERROR:  Parsed status: not valid, Problem while parsing an atom starting with the letter 't'
SELECT simdjson_parse('truf');			-- ERROR, not a keyword
ERROR:  Parsed status: not valid, Problem while parsing an atom starting with the letter 't'
SELECT simdjson_parse('trues');			-- ERROR, not a keyword
ERROR:  Parsed status: not valid, Problem while parsing an atom starting with the letter 't'
SELECT simdjson_parse('');				-- ERROR, no value
ERROR:  Parsed status: not valid, Empty
SELECT simdjson_parse('    ');			-- ERROR, no value
ERROR:  Parsed status: not valid, Empty
